Number,DrawCount
3,1
8,1
12,1
15,1
17,1
26,1
32,1
48,1
49,1
55,1
57,1
60,1
62,1
63,1
72,1
77,1
83,1
97,3
