Age Group,Number of Patients
"(30, 40]",69
"(20, 30]",47
"(50, 60]",43
"(40, 50]",41
