year,month,royalty_number,total_sale
2023,7,False,13190
2023,7,True,24020
2023,8,False,17800
2023,8,True,21870
2023,9,False,14850
2023,9,True,21620
