Hashtag,Likes,Retweets,TotalEngagement
teamGreen,1111,311,1422
teamBlue,542,234,776
teamRed,505,250,755
teamMagenta,461,285,746
teamYellow,428,248,676
teamCyan,393,164,557
