Hashtag,Likes,Retweets,TotalEngagement
teamMagenta,570,303,873
teamCyan,521,274,795
teamGreen,466,208,674
teamBlue,417,222,639
teamYellow,297,191,488
teamRed,314,140,454
