Age Group,Number of Patients
"(50, 60]",4
"(30, 40]",3
"(40, 50]",2
"(20, 30]",1
