OriginCity,OriginLat,OriginLong,DestCity,DestLat,DestLong,Distance,TimeOfFlight,AirFarePrice
City_5,47.86,-99.24,City_13,42.98,-108.9,927.79,2.96,993.0
City_3,35.82,-92.06,City_9,31.03,-112.16,1935.89,0.89,72.0
