OriginCity,OriginLat,OriginLong,DestCity,DestLat,DestLong,Distance,TimeOfFlight,AirFarePrice
City_3,40.99,-113.27,City_8,42.39,-95.29,1498.23,4.97,968.0
City_5,38.41,-110.78,City_9,35.99,-77.67,2929.13,1.46,50.0
