Number,DrawCount
1,2
3,2
4,1
5,1
8,3
12,1
13,1
15,1
16,1
17,2
19,2
20,2
24,1
27,2
29,3
30,1
33,2
34,2
35,1
36,1
38,2
41,1
43,1
44,1
46,1
47,1
49,3
50,2
52,1
53,1
54,1
55,1
56,1
60,5
61,1
63,1
64,1
66,1
68,1
69,3
70,2
72,1
73,4
74,3
75,2
76,1
77,3
80,2
81,3
83,1
85,2
86,1
87,1
89,2
91,3
92,1
93,1
94,1
97,1
99,3
