Hashtag,Likes,Retweets,TotalEngagement
teamRed,375,212,587
teamBlue,246,143,389
teamCyan,133,157,290
teamMagenta,181,98,279
teamYellow,91,75,166
teamGreen,25,55,80
