Age Group,Number of Patients
"(40, 50]",46
"(30, 40]",20
"(50, 60]",19
"(20, 30]",15
