Hashtag,Likes,Retweets,TotalEngagement
teamRed,68,40,108
teamGreen,78,7,85
teamCyan,17,2,19
teamBlue,0,0,0
teamMagenta,0,0,0
