OriginCity,OriginLat,OriginLong,DestCity,DestLat,DestLong,Distance,TimeOfFlight,AirFarePrice
City_1,38.34,-115.38,City_2,44.41,-110.69,779.87,3.58,957.0
City_1,38.34,-115.38,City_3,30.0,-102.72,1486.31,1.53,448.0
