Age Group,Number of Patients
"(40, 50]",8
"(50, 60]",8
"(20, 30]",3
"(30, 40]",1
