Age Group,Number of Patients
"(40, 50]",22
"(30, 40]",10
"(50, 60]",10
"(20, 30]",8
