OriginCity,OriginLat,OriginLong,DestCity,DestLat,DestLong,Distance,TimeOfFlight,AirFarePrice
City_18,37.73,-88.12,City_19,30.88,-99.93,1323.71,3.67,992.0
City_3,49.45,-80.68,City_4,44.3,-76.69,647.78,4.45,55.0
